// Jest Snapshot v1, https://goo.gl/fbAQLP

exports[`Grid Item Snapshot test 1`] = `
<div>
  Loading..
</div>
`;
