// Jest Snapshot v1, https://goo.gl/fbAQLP

exports[`Loader testing Snapshot testing 1`] = `
<div
  className="grid sm:grid-cols-3 md:grid-cols-5 lg:grid-cols-7 gap-4 pt-10 "
>
  <div
    className="border border-blue-300 shadow rounded-md p-4 max-w-sm w-full mx-auto"
  >
    <div
      className="animate-pulse flex space-x-4"
    >
      <div
        className="flex-1 space-y-6 py-1"
      >
        <div
          className="h-2 bg-slate-700 rounded"
        />
        <div
          className="space-y-3"
        >
          <div
            className="grid grid-cols-3 gap-4"
          >
            <div
              className="h-2 bg-slate-700 rounded col-span-2"
            />
            <div
              className="h-2 bg-slate-700 rounded col-span-1"
            />
          </div>
          <div
            className="h-2 bg-slate-700 rounded"
          />
        </div>
      </div>
    </div>
  </div>
</div>
`;
